// Vitest Snapshot v1, https://vitest.dev/guide/snapshot.html

exports[`Joi add optional 1`] = `
"import Joi from 'joi';

export const employee = Joi.object().keys({
  name: Joi.string().alphanum().min(3).max(30).required(),
  birthyear: Joi.number().integer().min(1970).max(2013).optional(),
});
"
`;
